
= [ abstract ] ===============================================================

                             grouped list of mp3s

                       generated at 1999/12/25 21:46:44                        

= [ list ] ===================================================================

= [ ? ] ======================================================================

romashki.mp3  3,227kb  ? - Ромашки (03:26)

= [ total 1 mpegs, 3,227kb ] =================================================


= [ ATB ] ====================================================================

a1trk1.mp3    3,107kb  ATB - 9 PM (03:18)
a0trk4.mp3    3,043kb  ATB - 9 PM (03:14)
a1trk5.mp3    6,131kb  ATB - 9 PM (Mixed With Ruff Driverz) (06:32)
a0trk14.mp3   7,380kb  ATB - 9 PM (Signum Mix) (07:52)
a0trk11.mp3   7,803kb  ATB - Beath Vibes by EFF (08:19)
a0trk7.mp3    3,488kb  ATB - Don't Stop (03:43)
a1trk9.mp3    5,565kb  ATB - Don't Stop (Rick' Up Club Mix) (05:56)
a1trk0.mp3    3,614kb  ATB - Don't Stop New'99 (03:51)
a0trk1.mp3    4,156kb  ATB - Emotion (04:26)
a1trk2.mp3    5,461kb  ATB - Funk On Ah Roll (05:49)
a1trk8.mp3    5,897kb  ATB - It's A Fine Day (vs Miss Jane) (06:17)
a0trk10.mp3   4,041kb  ATB - Kayama (04:18)
a0trk5.mp3    5,278kb  ATB - Killer 2000 (05:37)
a1trk3.mp3    3,796kb  ATB - La Music (04:02)
a0trk12.mp3   5,559kb  ATB - Movin' Melodies (05:55)
a0trk9.mp3    6,683kb  ATB - My Dream (07:07)
a0trk8.mp3    6,056kb  ATB - Obsession (06:27)
a0trk13.mp3   3,665kb  ATB - Sunburn (03:54)
a0trk0.mp3    1,886kb  ATB - The First Tones (02:00)
a1trk7.mp3    3,254kb  ATB - Too Much Rain (vs United DJs) (03:28)
a0trk6.mp3    5,294kb  ATB - Too much Rain (05:38)
a0trk2.mp3    3,872kb  ATB - Underwater World (04:07)
a1trk6.mp3    7,485kb  ATB - Universal nation (07:59)
a1trk4.mp3    6,091kb  ATB - Viagra Original (BM Proj. Mix) (06:29)
a0trk3.mp3      924kb  ATB - Zwischenstuck (00:59)

= [ total 25 mpegs, 119,531kb ] ==============================================


= [ BREEZE (F.Bernheim) ] ====================================================

la_plage.mp3  3,615kb  BREEZE (F.Bernheim) - La Plage (Back To Paris) (03:51)

= [ total 1 mpegs, 3,615kb ] =================================================


= [ Blackmore ] ==============================================================

minstr~1.mp3  2,430kb  Blackmore - Minstrell Hall (06:54)
wishyo~1.mp3  4,268kb  Blackmore - Wish You Were Here (12:08)

= [ total 2 mpegs, 6,697kb ] =================================================


= [ ClubTune (JM Jarre) ] ====================================================

oxydene.mp3   5,604kb  ClubTune (JM Jarre) - Oxydene (JM Jarre Mix) (05:58)

= [ total 1 mpegs, 5,604kb ] =================================================


= [ DJ Dado ] ================================================================

9BROKE~1.MP3  3,795kb  DJ Dado - Broke Your Heart (04:02)
11DESE~1.MP3  3,400kb  DJ Dado - Desert Of Sadness (03:37)
4DREAM~1.MP3  3,762kb  DJ Dado - Dreaming (04:00)
8DREAM~1.MP3  3,988kb  DJ Dado - Dreamscape (04:15)
12FLOR~1.MP3  3,791kb  DJ Dado - Floreal World (04:02)
1METRO~1.MP3  1,988kb  DJ Dado - Metropolis (02:07)
5MISSI~1.MP3  3,922kb  DJ Dado - Mission Impossible Theme (04:10)
13ONCE~1.MP3  3,477kb  DJ Dado - Once Upon A Time In America (03:42)
7SOLAR~1.MP3  3,944kb  DJ Dado - Solar Wind (04:12)
6TEMPL~1.MP3  3,796kb  DJ Dado - Temple Of Fire (04:02)
14THEE~1.MP3  1,998kb  DJ Dado - The End Of Journey (02:07)
2THELE~1.MP3  3,704kb  DJ Dado - The Legend Of Babel (03:57)
10TWIN~1.MP3  4,010kb  DJ Dado - Twin Peaks Theme (04:16)
3X-FIL~1.MP3  3,670kb  DJ Dado - X-Files (03:54)

= [ total 14 mpegs, 49,244kb ] ===============================================


= [ Eiffel 65 ] ==============================================================

imblue.mp3    3,482kb  Eiffel 65 - I'm BLUE (03:42)
MOVE_Y_B.MP3  3,179kb  Eiffel 65 - Move Your Body (04:31)

= [ total 2 mpegs, 6,660kb ] =================================================


= [ Evgeny Naboychenko (DJ DaemoN) ] =========================================

fido99.mp3    4,013kb  Evgeny Naboychenko (DJ DaemoN) - "Песня про ФидО" (04:16)

= [ total 1 mpegs, 4,013kb ] =================================================


= [ KISS ] ===================================================================

i_was_ma.mp3  4,215kb  KISS - I Was Made For Loving You (04:29)

= [ total 1 mpegs, 4,215kb ] =================================================


= [ Scooter ] ================================================================

valle.mp3     4,354kb  Scooter - Vallee de Larmes (04:38)

= [ total 1 mpegs, 4,354kb ] =================================================


= [ The Cardigans ] ==========================================================

a2trk8.mp3    3,163kb  The Cardigans - Do You Believe (03:22)
a2trk1.mp3    3,411kb  The Cardigans - Erase/Rewind (03:38)
a2trk2.mp3    3,825kb  The Cardigans - Explode (04:04)
a2trk4.mp3    3,501kb  The Cardigans - Hanging Around (03:44)
a2trk5.mp3    4,253kb  The Cardigans - Higher (04:32)
a2trk9.mp3    3,875kb  The Cardigans - Junk Of The Hearts (04:08)
a2trk6.mp3    3,992kb  The Cardigans - Marvel Hill (04:15)
a2trk7.mp3    3,441kb  The Cardigans - My Favourite Game (03:40)
a2trk10.mp3   2,156kb  The Cardigans - Nil (02:17)
a2trk0.mp3    4,652kb  The Cardigans - Paralyzed (04:57)
a2trk3.mp3    3,653kb  The Cardigans - Starter (03:53)

= [ total 11 mpegs, 39,923kb ] ===============================================


= [ The Offspring ] ==========================================================

a3trk17.mp3   2,052kb  The Offspring - A Thousand Days (02:11)
a3trk3.mp3    1,791kb  The Offspring - All I Want (01:54)
a7trk9.mp3    1,792kb  The Offspring - All I Want (01:54)
a7trk12.mp3   4,173kb  The Offspring - Amazed (04:27)
a8trk0.mp3    3,025kb  The Offspring - Americana (03:13)
a4trk2.mp3    3,499kb  The Offspring - Bad Habit (03:43)
a5trk5.mp3    2,689kb  The Offspring - Be headed (02:52)
a3trk16.mp3   2,501kb  The Offspring - Beheaded (02:40)
a5trk7.mp3    3,191kb  The Offspring - Black Ball (03:24)
a3trk5.mp3    3,191kb  The Offspring - Blackball (03:24)
a6trk7.mp3    2,542kb  The Offspring - Burn It Up (02:42)
a7trk13.mp3   5,993kb  The Offspring - Change The World (06:23)
a4trk6.mp3    3,091kb  The Offspring - Com Outand Play (03:17)
a7trk4.mp3    2,639kb  The Offspring - Cool To Hate (02:48)
a5trk3.mp3    2,635kb  The Offspring - Crossroads (02:48)
a3trk14.mp3   2,635kb  The Offspring - Crossroads (02:48)
a5trk4.mp3    2,973kb  The Offspring - Demons (03:10)
a3trk15.mp3   2,973kb  The Offspring - Demons (03:10)
a6trk5.mp3    3,576kb  The Offspring - Dirty Magic (03:48)
a3trk1.mp3      728kb  The Offspring - Disclaimer (00:46)
a7trk0.mp3      732kb  The Offspring - Disclaimer (00:46)
a3trk11.mp3   1,792kb  The Offspring - Don't Pick It Up (01:54)
a7trk11.mp3   1,793kb  The Offspring - Don't Pick It Up (01:54)
a5trk1.mp3    2,048kb  The Offspring - Elders (02:11)
a8trk1.mp3    2,668kb  The Offspring - Feelings (02:50)
a6trk10.mp3   2,452kb  The Offspring - Forever & A Day (02:36)
a4trk4.mp3    3,330kb  The Offspring - Genocide (03:33)
a6trk4.mp3    2,909kb  The Offspring - Get It Right (03:06)
a7trk6.mp3    4,216kb  The Offspring - Gone Away (04:29)
a3trk9.mp3    4,214kb  The Offspring - Gone Away (04:29)
a4trk3.mp3    3,628kb  The Offspring - Gotta Get Away (03:52)
a8trk2.mp3    3,700kb  The Offspring - Have You Ever (03:56)
a6trk6.mp3    3,156kb  The Offspring - Hypodermic (03:21)
a7trk7.mp3    3,698kb  The Offspring - I Choose (03:56)
a5trk8.mp3    3,001kb  The Offspring - I'll Be Waiting (03:12)
a7trk8.mp3      789kb  The Offspring - Intermission (00:50)
a3trk2.mp3      785kb  The Offspring - Intermission (00:50)
a3trk18.mp3   2,552kb  The Offspring - It'll Be A Long Time (02:43)
a4trk8.mp3    2,552kb  The Offspring - It'll Be Along Time (02:43)
a5trk0.mp3    2,426kb  The Offspring - Jannifer Lost the war (02:35)
a6trk2.mp3    3,069kb  The Offspring - Kick Him When He's Down (03:16)
a5trk9.mp3    3,160kb  The Offspring - Kill The President (03:22)
a4trk9.mp3    1,918kb  The Offspring - Killboy Powerhead (02:02)
a6trk9.mp3    2,592kb  The Offspring - L.A.P.D. (02:45)
a7trk5.mp3    1,856kb  The Offspring - Leave It Behind (01:58)
a3trk8.mp3    1,859kb  The Offspring - Leave It Behind (01:58)
a7trk3.mp3    4,285kb  The Offspring - Me & My Old Lady (04:34)
a3trk7.mp3    2,798kb  The Offspring - Mota (02:59)
a7trk2.mp3    2,803kb  The Offspring - Mota (02:59)
a3trk12.mp3   2,296kb  The Offspring - Nitro (02:26)
a4trk1.mp3    2,296kb  The Offspring - Nitro (Youth Energy) (02:26)
a8trk3.mp3    1,938kb  The Offspring - No Brakes (02:04)
a6trk8.mp3    3,159kb  The Offspring - No Hero (03:22)
a4trk12.mp3   2,725kb  The Offspring - Not The One (02:54)
a5trk2.mp3    2,385kb  The Offspring - Out On Patrol (02:32)
a8trk4.mp3    9,669kb  The Offspring - Pay The Man (10:18)
a8trk5.mp3    2,938kb  The Offspring - Pretty Fly (For A White Guy) (03:08)
a4trk7.mp3    4,029kb  The Offspring - Self Esteem (04:17)
a6trk0.mp3    2,383kb  The Offspring - Session (02:32)
a8trk6.mp3    3,568kb  The Offspring - She's Got Issues (03:48)
a4trk13.mp3  10,003kb  The Offspring - Smash (10:40)
a3trk4.mp3    5,283kb  The Offspring - Smash (05:38)
a4trk11.mp3   1,207kb  The Offspring - So Alone (01:17)
a3trk13.mp3   3,088kb  The Offspring - Something To Believe In (03:17)
a4trk5.mp3    3,088kb  The Offspring - Something To Believe In (03:17)
a8trk7.mp3    2,075kb  The Offspring - Staring At The Sun (02:12)
a6trk3.mp3    2,739kb  The Offspring - Take It Like A Man (02:55)
a5trk6.mp3    2,917kb  The Offspring - Tehran (03:06)
a8trk8.mp3    2,814kb  The Offspring - The End Of The Line (03:00)
a8trk9.mp3    2,806kb  The Offspring - The Kids Aren't Alright (02:59)
a7trk1.mp3    2,776kb  The Offspring - The Meaning Of Life (02:57)
a3trk6.mp3    2,776kb  The Offspring - The Meaning Of Life (02:57)
a4trk0.mp3      398kb  The Offspring - Time To Relax (00:25)
a3trk0.mp3      398kb  The Offspring - Time To Relax (00:25)
a3trk10.mp3   2,467kb  The Offspring - Way Down The Line (02:37)
a7trk10.mp3   2,465kb  The Offspring - Way Down The Line (02:37)
a6trk1.mp3    3,749kb  The Offspring - We Are One (03:59)
a8trk10.mp3     145kb  The Offspring - Welcome (00:09)
a8trk11.mp3   2,744kb  The Offspring - Wella Walla (02:55)
a4trk10.mp3   2,065kb  The Offspring - What Happened To You (02:12)
a3trk19.mp3   2,065kb  The Offspring - What Happened To You? (02:12)
a8trk12.mp3   2,685kb  The Offspring - Why Don't You Get A Job (02:51)

= [ total 82 mpegs, 232,610kb ] ==============================================


= [ Сектор Газа ] ============================================================

sektor.mp3    2,608kb  Сектор Газа - Казачья (02:46)

= [ total 1 mpegs, 2,608kb ] =================================================


= [ Чиж ] ====================================================================

chij_11.mp3   6,848kb  Чиж - Вечная молодость (07:18)

= [ total 1 mpegs, 6,848kb ] =================================================


= [ ДДТ ] ====================================================================

ddt.mp3       4,814kb  ДДТ - Ты Не Один (05:08)

= [ total 1 mpegs, 4,814kb ] =================================================


= [ Мумий Тролль ] ===========================================================

NEVESTA.MP3   2,495kb  Мумий Тролль - Невеста (03:32)

= [ total 1 mpegs, 2,495kb ] =================================================


= [ Сектор Газа ] ============================================================

A_B_YAGA.MP3  3,042kb  Сектор Газа - Аpия Бабы Яги (03:14)
0709.mp3      4,067kb  Сектор Газа - Лирика (04:20)
1111.mp3      3,666kb  Сектор Газа - Пора Домой (03:54)
0509.mp3      3,550kb  Сектор Газа - Щи (03:47)

= [ total 4 mpegs, 14,326kb ] ================================================


= [ ЧайФ ] ===================================================================

argentin.mp3  6,217kb  ЧайФ - Аргентина:Ямайка - 5:0 (03:18)
rodnaa.mp3    3,991kb  ЧайФ - Родная, не плачь (04:15)

= [ total 2 mpegs, 10,208kb ] ================================================


= [ Чиж ] ====================================================================

chij_01.mp3   5,590kb  Чиж - Фантом (05:57)

= [ total 1 mpegs, 5,590kb ] =================================================

= [ totals ] =================================================================

                       total listed 153 mpegs, 526,583kb                       
