
= [ abstract ] ===============================================================

                             grouped list of mp3s

                       generated at 1999/12/28 16:58:18                        

= [ list ] ===================================================================

= [ ? ] ======================================================================

track6.mp3    2,711kb  ? (02:53)
track7.mp3    3,240kb  ? (03:27)
track14.mp3   3,633kb  ? (03:52)
02bell~1.mp3  3,096kb  ? (03:18)
track1.mp3    3,897kb  ? (04:09)
track0.mp3    4,874kb  ? (05:11)
track2.mp3    3,151kb  ? (03:21)
track3.mp3    4,386kb  ? (04:40)
track11.mp3   2,849kb  ? (03:02)
track11.mp3   3,364kb  ? (03:35)
track9.mp3    2,740kb  ? (02:55)
track13.mp3   2,035kb  ? (02:10)
track11.mp3   4,645kb  ? (04:57)
track3.mp3    1,526kb  ? (01:37)
track4.mp3    5,119kb  ? (05:27)
track4.mp3    4,640kb  ? (04:56)
track0.mp3    3,669kb  ? (03:54)
track2.mp3    4,005kb  ? (04:16)
track8.mp3    5,630kb  ? (06:00)
track15.mp3   3,733kb  ? (03:58)
track2.mp3    4,344kb  ? (04:37)
track4.mp3    3,064kb  ? (03:16)
track1.mp3    4,429kb  ? (04:43)
track14.mp3   3,990kb  ? (04:15)
track0.mp3    1,252kb  ? (01:20)
track12.mp3   4,152kb  ? (04:25)
track12.mp3   2,000kb  ? (02:07)
track8.mp3   10,594kb  ? (11:18)
track7.mp3    4,107kb  ? (04:22)
track8.mp3    8,638kb  ? (09:12)
track9.mp3    3,315kb  ? (03:32)
track8.mp3    3,114kb  ? (03:19)
track6.mp3    3,392kb  ? (03:37)
track6.mp3    2,343kb  ? (02:29)
track2.mp3    3,009kb  ? (03:12)
track10.mp3   4,394kb  ? (04:41)
track11.mp3   4,972kb  ? (05:18)
track8.mp3    3,389kb  ? (03:36)
track13.mp3   4,127kb  ? (04:24)
track12.mp3     963kb  ? (01:01)
track10.mp3   5,106kb  ? (05:26)
track4.mp3    3,139kb  ? (03:20)
track5.mp3    2,144kb  ? (02:17)
track0.mp3    3,691kb  ? (03:56)
track9.mp3    4,068kb  ? (04:20)
track11.mp3   7,224kb  ? (07:42)
track0.mp3    3,103kb  ? (03:18)
track9.mp3      742kb  ? (00:47)
track9.mp3    3,699kb  ? (03:56)
track3.mp3    2,086kb  ? (02:13)
track10.mp3   2,988kb  ? (03:11)
track2.mp3    1,592kb  ? (01:41)
track7.mp3    4,173kb  ? (04:27)
track12.mp3   4,827kb  ? (05:08)
track5.mp3    3,687kb  ? (03:55)
track6.mp3      816kb  ? (00:52)
track13.mp3   1,880kb  ? (02:00)
track10.mp3   2,786kb  ? (02:58)
track7.mp3    2,787kb  ? (02:58)
track12.mp3   4,593kb  ? (04:53)
track11.mp3   4,119kb  ? (04:23)
track1.mp3    2,639kb  ? (02:48)
track3.mp3    2,899kb  ? (03:05)
track4.mp3    6,202kb  ? (06:36)
track4.mp3    3,657kb  ? (03:54)
track4.mp3    5,938kb  ? (06:20)
track6.mp3    3,998kb  ? (04:15)
track5.mp3    3,221kb  ? (03:26)
track1.mp3    3,688kb  ? (03:56)
track0.mp3    3,572kb  ? (03:48)
08jess~1.mp3  5,133kb  ? (06:15)
track15.mp3   3,729kb  ? (03:58)
track5.mp3    2,375kb  ? (02:31)
track5.mp3    1,761kb  ? (01:52)
track6.mp3    4,781kb  ? (05:05)
track10.mp3   3,423kb  ? (03:39)
track1.mp3    3,868kb  ? (04:07)
track10.mp3   4,751kb  ? (05:04)
track9.mp3    4,680kb  ? (04:59)
track8.mp3    3,942kb  ? (04:12)
track7.mp3    3,909kb  ? (04:10)
track8.mp3    3,489kb  ? (03:43)
track7.mp3    3,509kb  ? (03:44)
10love~1.mp3  4,092kb  ? (04:21)
track7.mp3    2,088kb  ? (02:13)
track6.mp3    3,203kb  ? (03:24)
track5.mp3    2,035kb  ? (02:10)
track13.mp3   4,019kb  ? (04:17)
track1.mp3    2,393kb  ? (02:33)
track5.mp3    3,158kb  ? (03:22)
track3.mp3    3,980kb  ? (04:14)
11mrpr~1.mp3  3,015kb  ? (03:40)
track3.mp3    2,333kb  ? (02:29)
track10.mp3   3,984kb  ? (04:14)
track3.mp3    2,821kb  ? (03:00)
track7.mp3    4,268kb  ? (04:33)
track5.mp3    4,256kb  ? (04:32)
track2.mp3    4,527kb  ? (04:49)
track9.mp3    4,729kb  ? (05:02)
track1.mp3    5,186kb  ? (05:31)
01(sco~1.mp3  3,273kb  ? (03:29)
track10.mp3   3,771kb  ? (04:01)
track1.mp3    3,845kb  ? (04:06)
track12.wav   1,251kb  ? (03:03)
track0.mp3    3,480kb  ? (03:42)
track2.mp3    3,735kb  ? (03:59)
track3.mp3    6,250kb  ? (06:40)
track4.mp3    4,560kb  ? (04:51)
track8.mp3    2,726kb  ? (02:54)
track2.mp3    2,878kb  ? (03:04)
track9.mp3    3,460kb  ? (03:41)
track6.mp3    1,967kb  ? (02:05)
track11.mp3   6,015kb  ? (06:24)
track0.mp3    3,690kb  ? (03:56)

= [ total 114 mpegs, 417,932kb ] =============================================


= [ 2 Brothers on the 4th Floor ] ============================================

01brot~1.mp3  3,248kb  Mirror of Love (03:27)

= [ total 1 mpegs, 3,248kb ] =================================================


= [ 4 Tune Fairytales ] ======================================================

02tune~1.mp3  3,330kb  My little Fantasy (03:33)

= [ total 1 mpegs, 3,330kb ] =================================================


= [ ACE OF BASE ] ============================================================

11.mp3        3,509kb  Travel To Romantis (03:44)

= [ total 1 mpegs, 3,509kb ] =================================================


= [ ALLAN THEO ] =============================================================

10.mp3        3,281kb  Lola (03:29)

= [ total 1 mpegs, 3,281kb ] =================================================


= [ ATB ] ====================================================================

a0trk4.mp3    3,043kb  9 PM (03:14)
a1trk1.mp3    3,107kb  9 PM (03:18)
a1trk5.mp3    6,131kb  9 PM (Mixed With Ruff Driverz) (06:32)
a0trk14.mp3   7,380kb  9 PM (Signum Mix) (07:52)
a0trk11.mp3   7,803kb  Beath Vibes by EFF (08:19)
a0trk7.mp3    3,488kb  Don't Stop (03:43)
a1trk9.mp3    5,565kb  Don't Stop (Rick' Up Club Mix) (05:56)
a1trk0.mp3    3,614kb  Don't Stop New'99 (03:51)
a0trk1.mp3    4,156kb  Emotion (04:26)
a1trk2.mp3    5,461kb  Funk On Ah Roll (05:49)
a1trk8.mp3    5,897kb  It's A Fine Day (vs Miss Jane) (06:17)
a0trk10.mp3   4,041kb  Kayama (04:18)
a0trk5.mp3    5,278kb  Killer 2000 (05:37)
a1trk3.mp3    3,796kb  La Music (04:02)
a0trk12.mp3   5,559kb  Movin' Melodies (05:55)
a0trk9.mp3    6,683kb  My Dream (07:07)
a0trk8.mp3    6,056kb  Obsession (06:27)
a0trk13.mp3   3,665kb  Sunburn (03:54)
a0trk0.mp3    1,886kb  The First Tones (02:00)
a1trk7.mp3    3,254kb  Too Much Rain (vs United DJs) (03:28)
a0trk6.mp3    5,294kb  Too much Rain (05:38)
a0trk2.mp3    3,872kb  Underwater World (04:07)
a1trk6.mp3    7,485kb  Universal nation (07:59)
a1trk4.mp3    6,091kb  Viagra Original (BM Proj. Mix) (06:29)
a0trk3.mp3      924kb  Zwischenstuck (00:59)

= [ total 25 mpegs, 119,531kb ] ==============================================


= [ Aqua ] ===================================================================

04aqua~1.mp3  3,034kb  Barbie Girl (03:14)
05aqua~1.mp3  3,297kb  Roses Are Red (03:30)

= [ total 2 mpegs, 6,331kb ] =================================================


= [ B. Carlisle ] ============================================================

03d.mp3       2,791kb  California (02:58)

= [ total 1 mpegs, 2,791kb ] =================================================


= [ Back 2 Bass ] ============================================================

08back~1.mp3  3,383kb  I Wanna Be With You (03:36)

= [ total 1 mpegs, 3,383kb ] =================================================


= [ Back to Nature ] =========================================================

09back~1.mp3  3,481kb  Come Back to Me (03:42)

= [ total 1 mpegs, 3,481kb ] =================================================


= [ Bangles ] ================================================================

10bang~1.mp3  3,640kb  Eternal Flame (03:52)

= [ total 1 mpegs, 3,640kb ] =================================================


= [ Bill Haley ] =============================================================

14bill~1.mp3  2,109kb  Rock Around The Clock (02:14)

= [ total 1 mpegs, 2,109kb ] =================================================


= [ Billy Idol ] =============================================================

15bill~1.mp3  4,017kb  Sweet sixteen (04:17)

= [ total 1 mpegs, 4,017kb ] =================================================


= [ Blackmore's Night ] ======================================================

02ocea~1.mp3  5,720kb  Ocean Gypsy (06:06)

= [ total 1 mpegs, 5,720kb ] =================================================


= [ Blue System ] ============================================================

02blue~1.mp3  3,229kb  Only With You (03:26)

= [ total 1 mpegs, 3,229kb ] =================================================


= [ CHER ] ===================================================================

13.mp3        4,072kb  Believe (04:20)

= [ total 1 mpegs, 4,072kb ] =================================================


= [ CRISPY ] =================================================================

09.mp3        4,376kb  Kiss Me Red (04:40)

= [ total 1 mpegs, 4,376kb ] =================================================


= [ Capitan Jack ] ===========================================================

05capt~1.mp3  5,121kb  Take On Me (05:27)

= [ total 1 mpegs, 5,121kb ] =================================================


= [ DJ BOBO ] ================================================================

01.mp3        5,094kb  Celebrate (05:26)

= [ total 1 mpegs, 5,094kb ] =================================================


= [ DJ TEQUILA & DJ GRAPPA ] =================================================

03.mp3        4,813kb  Mama Maria (05:08)

= [ total 1 mpegs, 4,813kb ] =================================================


= [ DOS ES UNO ] =============================================================

08.mp3        3,469kb  Mujer (03:42)

= [ total 1 mpegs, 3,469kb ] =================================================


= [ DOWN LOW ] ===============================================================

02.mp3        4,922kb  Once Upon A Time (05:15)

= [ total 1 mpegs, 4,922kb ] =================================================


= [ Das Modul ] ==============================================================

09dasm~1.mp3  3,654kb  1100101 (03:53)

= [ total 1 mpegs, 3,654kb ] =================================================


= [ Dire Straits ] ===========================================================

06d.mp3       5,420kb  Sultans of Swing (05:46)

= [ total 1 mpegs, 5,420kb ] =================================================


= [ Dolly Buster ] ===========================================================

13doll~1.mp3  3,364kb  Make Love (03:35)

= [ total 1 mpegs, 3,364kb ] =================================================


= [ Doop ] ===================================================================

14doop~1.mp3  3,402kb  Yoghurt (03:37)

= [ total 1 mpegs, 3,402kb ] =================================================


= [ Dschinghis Khan ] ========================================================

15dsch~1.mp3  4,169kb  Moskau (04:26)

= [ total 1 mpegs, 4,169kb ] =================================================


= [ E-Type ] =================================================================

02e-ty~1.mp3  3,364kb  Calling Your Name (03:35)

= [ total 1 mpegs, 3,364kb ] =================================================


= [ FIVE ] ===================================================================

15.mp3        2,914kb  Everybody Get Up (03:06)

= [ total 1 mpegs, 2,914kb ] =================================================


= [ Fancy ] ==================================================================

02d.mp3       3,504kb  Blue Eyed Lady (03:44)

= [ total 1 mpegs, 3,504kb ] =================================================


= [ Fool's Garden ] ==========================================================

03fool~1.mp3  2,953kb  Lemon Tree (03:09)

= [ total 1 mpegs, 2,953kb ] =================================================


= [ Fun Cruiser ] ============================================================

04func~1.mp3  3,379kb  Fun in the Sun (03:36)

= [ total 1 mpegs, 3,379kb ] =================================================


= [ HIT'N'HIDE ] =============================================================

04.mp3        3,040kb  Sundance (03:14)

= [ total 1 mpegs, 3,040kb ] =================================================


= [ IGOR` TAL`KOV ] ==========================================================

track06.mp3   3,030kb  "SOVKI" (03:13)
track02.mp3   3,332kb  * DEKLAMACIIA (03:33)
track11.mp3   3,425kb  A TEPER` MI S TOBOI PRITIHLI (03:39)
track07.mp3   4,474kb  BAL SATANI (04:46)
track05.mp3   9,810kb  BIVSHII POD`ESAUL (10:27)
track10.mp3   5,604kb  BIVSHII POD`ESAUL (05:58)
track02.mp3   5,562kb  BIVSHII POD`ESAUL (05:55)
track02.mp3   5,600kb  CHISTIE PRUDI (05:58)
track08.mp3   7,230kb  CHISTIE PRUDI (07:42)
track04.mp3   5,183kb  CHUDAK (05:31)
track04.mp3   4,696kb  DIADIN KOLPAK (05:00)
track01.mp3   3,071kb  DRUZ`IA-TOVARISHI (03:16)
track12.mp3   4,152kb  ETOT MIR (04:25)
track05.mp3   5,431kb  ETOT PUT` (05:47)
track10.mp3   4,856kb  ETOT PUT` (05:10)
track10.mp3   5,901kb  FATAL`NAIA KOLESNICA (06:17)
track07.mp3   4,281kb  GARMONIIA (04:33)
track07.mp3   6,469kb  GLOBUS (06:54)
track05.mp3   3,628kb  GOSPODA DEMOKRATI (03:52)
track08.mp3   3,516kb  GOSPODIN PREZIDENT (03:45)
track07.mp3   7,963kb  IA VERNUS` (08:29)
track12.mp3   5,819kb  IA VERNUS` (06:12)
track10.mp3   5,838kb  IA VERNUS` (06:13)
track11.mp3   4,874kb  K V. COIU (05:11)
track06.mp3   3,498kb  KPSS (03:43)
track08.mp3   2,440kb  KREMLIOVSKAIA STENA (02:36)
track02.mp3   8,060kb  LETNII DOJD` (08:35)
track10.mp3   7,198kb  LETNII DOJD` (07:40)
track02.mp3   8,005kb  LETNII DOJD` (08:32)
track03.mp3   5,958kb  LIUDI S ZABINTOVANNIMI LBAMI (06:21)
track10.mp3   5,584kb  LOVE YOU (05:57)
track09.mp3   4,518kb  MALEN`KAIA PLANETA (04:49)
track03.mp3   4,131kb  MALEN`KII GOROD (04:24)
track04.mp3   3,440kb  METAMORFOZA (03:40)
track04.mp3   3,438kb  METAMORFOZA (03:40)
track09.mp3   4,324kb  MISTER 'X' (04:36)
track02.mp3   4,790kb  MOI BRAT (05:06)
track01.mp3   5,984kb  MOIA LIUBOV` (06:22)
track03.mp3   5,968kb  MOIA LUBOV` (06:21)
track06.mp3   3,536kb  NERVI, NERVI ,NERVI (03:46)
track01.mp3   5,005kb  NOSTAL`GIIA (05:20)
track09.mp3   3,675kb  NOVAIA DOROGA (03:55)
track03.mp3   4,279kb  OKEAN NEPONIMANIIA (04:33)
track01.mp3   4,912kb  PAMIATI VIKTORA COIA (05:14)
track01.mp3   4,826kb  PAMIATI VIKTORA COIA (05:08)
track08.mp3   5,357kb  PAMIAT` (05:42)
track04.mp3   4,922kb  PIJII (05:15)
track06.mp3   3,874kb  POZDNO (04:07)
track05.mp3   4,737kb  PRAZDNIK (05:03)
track02.mp3   3,112kb  PRIMERNII MAL`CHIK (03:19)
track05.mp3   6,418kb  PRIZVANIE (06:50)
track07.mp3   4,456kb  PROSHIAL`NII DEN` (04:45)
track03.mp3   6,371kb  RODINA MOIA (06:47)
track11.mp3   6,403kb  RODINA MOIA (06:49)
track03.mp3   8,348kb  RODINA MOIA  .  KPSS (08:54)
track06.mp3   7,662kb  ROSSIA (08:10)
track09.mp3   7,371kb  ROSSIA (07:51)
track01.mp3   7,344kb  ROSSIIA (07:50)
track09.mp3   4,514kb  SAMII LUCHII DEN` (04:48)
track03.mp3   3,967kb  SAMII LUTSHII DEN` (04:13)
track07.mp3   3,549kb  SCENA (03:47)
track13.mp3   3,526kb  SCENA (03:45)
track13.mp3   6,728kb  SOLNCE UHODIT NA ZAPAD (07:10)
track06.mp3   4,313kb  SPASATEL`NII KRUG (04:36)
track12.mp3   4,270kb  SPASATEL`NII KRUG (04:33)
track09.mp3   3,026kb  STOP! DUMAIU SEBE (03:13)
track06.mp3   4,972kb  STRANNICA V NOCHI (05:18)
track09.mp3   4,547kb  TANIA (04:50)
track08.mp3   4,748kb  TI OPOZDALA (05:03)
track04.mp3   4,740kb  U TVOEGO OKNA (05:03)
track05.mp3   3,956kb  UEDU (04:13)
track01.mp3   3,567kb  V OKEANE NEPONIMANIIA (03:48)
track08.mp3   3,413kb  VEK MAMAI (03:38)
track05.mp3   3,612kb  VOINA (03:51)
track08.mp3   4,176kb  ZAISKIVANIE (04:27)
track07.mp3   5,732kb  ZAMKNUTII KRUG (06:06)
track10.mp3   5,656kb  ZVEZDA (06:01)
track04.mp3   5,662kb  ZVEZDA (06:02)
track11.mp3   5,517kb  ZVEZDA (05:53)

= [ total 79 mpegs, 397,879kb ] ==============================================


= [ J. Dollan ] ==============================================================

04d.mp3       2,866kb  Lady in Blue (03:03)

= [ total 1 mpegs, 2,866kb ] =================================================


= [ Jam & Spoon ] ============================================================

08jam&~1.mp3  5,672kb  Right in the Night (06:03)

= [ total 1 mpegs, 5,672kb ] =================================================


= [ Joy ] ====================================================================

12joy-~1.mp3  3,194kb  Classical Love Song (03:24)

= [ total 1 mpegs, 3,194kb ] =================================================


= [ Kaoma ] ==================================================================

13kaom~1.mp3  3,159kb  Dancado Lambada (03:22)

= [ total 1 mpegs, 3,159kb ] =================================================


= [ Les Humphries Singers ] ==================================================

14lesh~1.mp3  3,796kb  Mexico (04:02)

= [ total 1 mpegs, 3,796kb ] =================================================


= [ M. Carey ] ===============================================================

07d.mp3       3,332kb  Without You (03:33)

= [ total 1 mpegs, 3,332kb ] =================================================


= [ M. Farmer ] ==============================================================

07myle~1.mp3  4,644kb  California (04:57)

= [ total 1 mpegs, 4,644kb ] =================================================


= [ Madonna ] ================================================================

08d.mp3       4,297kb  You'll See (04:35)

= [ total 1 mpegs, 4,297kb ] =================================================


= [ Me&My ] ==================================================================

05me&m~1.mp3  3,137kb  Dub I Dub (03:20)

= [ total 1 mpegs, 3,137kb ] =================================================


= [ Mr Zivago ] ==============================================================

09litt~1.mp3  4,406kb  Little Russian (04:41)

= [ total 1 mpegs, 4,406kb ] =================================================


= [ Ocarina ] ================================================================

09d.mp3       3,672kb  Mystical Force (03:54)

= [ total 1 mpegs, 3,672kb ] =================================================


= [ PAS DE DEUX & WINDSOR ROBINSON ] =========================================

06.mp3        3,618kb  JE TAIME (03:51)

= [ total 1 mpegs, 3,618kb ] =================================================


= [ Paco Paco ] ==============================================================

04paco~1.mp3  2,301kb  Taka Takata (02:27)

= [ total 1 mpegs, 2,301kb ] =================================================


= [ Phantomas ] ==============================================================

05phan~1.mp3  3,237kb  Popcorn (03:27)

= [ total 1 mpegs, 3,237kb ] =================================================


= [ R. Clyderman ] ===========================================================

11rich~1.mp3  2,262kb  Fur Elise (02:24)

= [ total 1 mpegs, 2,262kb ] =================================================


= [ Ricchi & Poveri ] ========================================================

10ricc~1.mp3  3,042kb  Cosa Sei (03:14)

= [ total 1 mpegs, 3,042kb ] =================================================


= [ Romantic Collection ] ====================================================

13d.mp3       7,179kb  Foreigner - I Want To Know Wha (05:06)
11d.mp3       4,272kb  Queen - Killer Queen (03:02)
12rick~1.mp3  5,429kb  Ricky King "Exodus" (03:51)
12d.mp3       5,163kb  Smokie - What Can I Do (03:40)
13tani~1.mp3  6,862kb  Tanita Tikaram "Twist In My So (04:52)

= [ total 5 mpegs, 28,905kb ] ================================================


= [ SUNTASTIC ] ==============================================================

14.mp3        3,481kb  Daddy Lend Me Your Car (03:42)

= [ total 1 mpegs, 3,481kb ] =================================================


= [ Scooter ] ================================================================

08scoo~1.mp3  3,678kb  Rabel Yell (03:55)

= [ total 1 mpegs, 3,678kb ] =================================================


= [ Secret Service ] =========================================================

01d.mp3       3,846kb  Aux Deux Magots (04:06)

= [ total 1 mpegs, 3,846kb ] =================================================


= [ Status Quo ] =============================================================

12stat~1.mp3  2,974kb  You Are In Army Now (03:37)

= [ total 1 mpegs, 2,974kb ] =================================================


= [ THE MOFFATTS ] ===========================================================

12.mp3        3,766kb  If Life Is So Short (04:01)

= [ total 1 mpegs, 3,766kb ] =================================================


= [ TIGGY ] ==================================================================

05.mp3        3,766kb  Simsalabim (04:01)

= [ total 1 mpegs, 3,766kb ] =================================================


= [ Taco ] ===================================================================

10taco~1.mp3  4,319kb  Puttin On The Ritz (04:36)

= [ total 1 mpegs, 4,319kb ] =================================================


= [ The Belowed ] ============================================================

05d.mp3       4,725kb  Sweet Harmony (05:02)

= [ total 1 mpegs, 4,725kb ] =================================================


= [ The Cardigans ] ==========================================================

a2trk8.mp3    3,163kb  Do You Believe (03:22)
a2trk1.mp3    3,411kb  Erase/Rewind (03:38)
a2trk2.mp3    3,825kb  Explode (04:04)
a2trk4.mp3    3,501kb  Hanging Around (03:44)
a2trk5.mp3    4,253kb  Higher (04:32)
a2trk9.mp3    3,875kb  Junk Of The Hearts (04:08)
a2trk6.mp3    3,992kb  Marvel Hill (04:15)
a2trk7.mp3    3,441kb  My Favourite Game (03:40)
a2trk10.mp3   2,156kb  Nil (02:17)
a2trk0.mp3    4,652kb  Paralyzed (04:57)
a2trk3.mp3    3,653kb  Starter (03:53)

= [ total 11 mpegs, 39,923kb ] ===============================================


= [ The Offspring ] ==========================================================

a3trk17.mp3   2,052kb  A Thousand Days (02:11)
a3trk3.mp3    1,791kb  All I Want (01:54)
a7trk9.mp3    1,792kb  All I Want (01:54)
a7trk12.mp3   4,173kb  Amazed (04:27)
a8trk0.mp3    3,025kb  Americana (03:13)
a4trk2.mp3    3,499kb  Bad Habit (03:43)
a5trk5.mp3    2,689kb  Be headed (02:52)
a3trk16.mp3   2,501kb  Beheaded (02:40)
a5trk7.mp3    3,191kb  Black Ball (03:24)
a3trk5.mp3    3,191kb  Blackball (03:24)
a6trk7.mp3    2,542kb  Burn It Up (02:42)
a7trk13.mp3   5,993kb  Change The World (06:23)
a4trk6.mp3    3,091kb  Com Outand Play (03:17)
a7trk4.mp3    2,639kb  Cool To Hate (02:48)
a5trk3.mp3    2,635kb  Crossroads (02:48)
a3trk14.mp3   2,635kb  Crossroads (02:48)
a3trk15.mp3   2,973kb  Demons (03:10)
a5trk4.mp3    2,973kb  Demons (03:10)
a6trk5.mp3    3,576kb  Dirty Magic (03:48)
a7trk0.mp3      732kb  Disclaimer (00:46)
a3trk1.mp3      728kb  Disclaimer (00:46)
a3trk11.mp3   1,792kb  Don't Pick It Up (01:54)
a7trk11.mp3   1,793kb  Don't Pick It Up (01:54)
a5trk1.mp3    2,048kb  Elders (02:11)
a8trk1.mp3    2,668kb  Feelings (02:50)
a6trk10.mp3   2,452kb  Forever & A Day (02:36)
a4trk4.mp3    3,330kb  Genocide (03:33)
a6trk4.mp3    2,909kb  Get It Right (03:06)
a3trk9.mp3    4,214kb  Gone Away (04:29)
a7trk6.mp3    4,216kb  Gone Away (04:29)
a4trk3.mp3    3,628kb  Gotta Get Away (03:52)
a8trk2.mp3    3,700kb  Have You Ever (03:56)
a6trk6.mp3    3,156kb  Hypodermic (03:21)
a7trk7.mp3    3,698kb  I Choose (03:56)
a5trk8.mp3    3,001kb  I'll Be Waiting (03:12)
a7trk8.mp3      789kb  Intermission (00:50)
a3trk2.mp3      785kb  Intermission (00:50)
a3trk18.mp3   2,552kb  It'll Be A Long Time (02:43)
a4trk8.mp3    2,552kb  It'll Be Along Time (02:43)
a5trk0.mp3    2,426kb  Jannifer Lost the war (02:35)
a6trk2.mp3    3,069kb  Kick Him When He's Down (03:16)
a5trk9.mp3    3,160kb  Kill The President (03:22)
a4trk9.mp3    1,918kb  Killboy Powerhead (02:02)
a6trk9.mp3    2,592kb  L.A.P.D. (02:45)
a7trk5.mp3    1,856kb  Leave It Behind (01:58)
a3trk8.mp3    1,859kb  Leave It Behind (01:58)
a7trk3.mp3    4,285kb  Me & My Old Lady (04:34)
a3trk7.mp3    2,798kb  Mota (02:59)
a7trk2.mp3    2,803kb  Mota (02:59)
a3trk12.mp3   2,296kb  Nitro (02:26)
a4trk1.mp3    2,296kb  Nitro (Youth Energy) (02:26)
a8trk3.mp3    1,938kb  No Brakes (02:04)
a6trk8.mp3    3,159kb  No Hero (03:22)
a4trk12.mp3   2,725kb  Not The One (02:54)
a5trk2.mp3    2,385kb  Out On Patrol (02:32)
a8trk4.mp3    9,669kb  Pay The Man (10:18)
a8trk5.mp3    2,938kb  Pretty Fly (For A White Guy) (03:08)
a4trk7.mp3    4,029kb  Self Esteem (04:17)
a6trk0.mp3    2,383kb  Session (02:32)
a8trk6.mp3    3,568kb  She's Got Issues (03:48)
a4trk13.mp3  10,003kb  Smash (10:40)
a3trk4.mp3    5,283kb  Smash (05:38)
a4trk11.mp3   1,207kb  So Alone (01:17)
a4trk5.mp3    3,088kb  Something To Believe In (03:17)
a3trk13.mp3   3,088kb  Something To Believe In (03:17)
a8trk7.mp3    2,075kb  Staring At The Sun (02:12)
a6trk3.mp3    2,739kb  Take It Like A Man (02:55)
a5trk6.mp3    2,917kb  Tehran (03:06)
a8trk8.mp3    2,814kb  The End Of The Line (03:00)
a8trk9.mp3    2,806kb  The Kids Aren't Alright (02:59)
a3trk6.mp3    2,776kb  The Meaning Of Life (02:57)
a7trk1.mp3    2,776kb  The Meaning Of Life (02:57)
a3trk0.mp3      398kb  Time To Relax (00:25)
a4trk0.mp3      398kb  Time To Relax (00:25)
a3trk10.mp3   2,467kb  Way Down The Line (02:37)
a7trk10.mp3   2,465kb  Way Down The Line (02:37)
a6trk1.mp3    3,749kb  We Are One (03:59)
a8trk10.mp3     145kb  Welcome (00:09)
a8trk11.mp3   2,744kb  Wella Walla (02:55)
a4trk10.mp3   2,065kb  What Happened To You (02:12)
a3trk19.mp3   2,065kb  What Happened To You? (02:12)
a8trk12.mp3   2,685kb  Why Don't You Get A Job (02:51)

= [ total 82 mpegs, 232,610kb ] ==============================================


= [ Tom Petty ] ==============================================================

13tomp~1.mp3  4,859kb  It's Good to be King (05:10)

= [ total 1 mpegs, 4,859kb ] =================================================


= [ Toto Cutugno ] ===========================================================

12toto~1.mp3  3,515kb  Se Mi Ami (03:44)

= [ total 1 mpegs, 3,515kb ] =================================================


= [ Triplex ] ================================================================

13trip~1.mp3  3,473kb  Собака Баскервилей (03:42)

= [ total 1 mpegs, 3,473kb ] =================================================


= [ WATERGATE ] ==============================================================

07.mp3        3,320kb  The Battle (03:32)

= [ total 1 mpegs, 3,320kb ] =================================================


= [ Wet, Wet, Wet ] ==========================================================

10d.mp3       3,893kb  Love is All Around (04:09)

= [ total 1 mpegs, 3,893kb ] =================================================


= [ X-Perience ] =============================================================

14x-pe~1.mp3  3,260kb  A Neverending dream (03:28)

= [ total 1 mpegs, 3,260kb ] =================================================


= [ Yaki-Da ] ================================================================

14yaki~1.mp3  3,560kb  I Saw You Dancing (03:47)

= [ total 1 mpegs, 3,560kb ] =================================================


= [ Аквариум ] ===============================================================

track02.wav   1,691kb  15 голых баб (02:24)
track09.wav   4,013kb  2-12-85-06 (05:42)
track11.wav     620kb  25 день луны (01:30)
track13.wav   1,144kb  25 к 10 (02:47)
track04.wav   2,066kb  8200 (02:56)
track07.wav   1,750kb  Aballon Sayo (04:15)
track08.wav   1,763kb  Annie of the nightingales (04:17)
track06.wav   2,773kb  Avalon Sunrise (06:45)
track01.wav     968kb  Bar-do (02:21)
track04.wav   1,996kb  Barndo (04:51)
track07.wav   2,662kb  Beautiful blue train (03:47)
track04.wav   2,853kb  Best Years of our lives (04:03)
track06.wav   2,777kb  Can't stop repeating your name (03:56)
track09.wav   1,129kb  Death of king Arthur (02:45)
track02.wav   2,782kb  Eloise (03:57)
track08.wav   1,627kb  Fields of my love (03:57)
track03.wav   2,147kb  Heading for the absolute one (03:03)
track06.wav     918kb  Hyperborea in memoriam (01:18)
track03.wav   2,307kb  Iерофант (03:16)
track05.wav     758kb  Jamais (Попугай Флобер) (01:50)
track05.wav   2,462kb  Listen to the quiet one (03:30)
track03.wav   1,621kb  Llar - A - Hlar (03:57)
track11.wav   1,614kb  Mother (03:56)
track04.wav   1,287kb  Nuit de noel (03:08)
track10.wav   2,392kb  Promises of eden (05:49)
track01.wav   1,622kb  Radio Silence (03:57)
track10.wav   1,912kb  Real slow today (04:39)
track02.wav   2,946kb  Sirakh malatoy tan/skir lameta (07:10)
track06.wav   2,342kb  That voice again (05:42)
track11.wav   1,665kb  The angel calling (04:03)
track02.wav   1,824kb  The postcard (04:26)
track04.wav   1,788kb  The time (04:21)
track03.wav   1,857kb  The wind (04:31)
track14.wav     158kb  Tutti-Frutti (00:23)
track09.wav   1,706kb  Under the good sun (04:09)
track01.wav   2,148kb  Up in smoke (03:03)
track12.wav   1,218kb  Up in smoke ( Clever-Clever ve (02:58)
track05.wav   1,339kb  Winter (03:15)
track08.wav   1,291kb  Zan (The Galling) (03:08)
track05.wav   1,865kb  Zarn Hlar (04:32)
track06.wav   2,122kb  Аделаида (03:01)
track17.wav   1,789kb  Ангел (04:21)
track04.wav   1,074kb  Ангел всенародного похмелья (02:37)
track04.wav   3,147kb  Ангел дождя (04:28)
track05.wav   2,989kb  Апокриф (04:15)
track08.wav   2,131kb  Аристократ (05:11)
track07.wav   2,025kb  Ария казанского зверя (02:52)
track01.wav     510kb  Архистратиг (01:14)
track06.wav   1,126kb  Баллада о Кроки, Ништяке и Кар (02:44)
track06.wav   1,264kb  Без женщин (03:04)
track12.wav   1,300kb  Белая береза снова на коне (03:10)
track04.wav   1,343kb  Береги свой хой (03:16)
track07.wav   1,447kb  Блюз простого человека (03:31)
track07.wav   2,146kb  Боже, храни полярников (03:03)
track09.wav   2,028kb  Большой Стрепетарх выходит на (04:56)
track05.wav   1,991kb  Будь для меня как банка (02:49)
track10.wav   1,686kb  Бурлак (04:06)
track09.wav   1,666kb  Быстрый светлый (02:22)
track10.wav   2,005kb  В подобную ночь (02:51)
track11.wav   1,217kb  В поле ягода навсегда (02:57)
track12.wav   1,947kb  Вавилон (04:44)
track05.wav   3,968kb  Вана Хойа (05:38)
track02.wav     780kb  Ваши пальцы пахнут ладаном (01:54)
track09.wav   4,350kb  Великая Железнодорожная Симфон (06:11)
track02.wav   2,309kb  Великий дворник (03:17)
track13.wav   2,018kb  Возьми меня к реке (04:55)
track05.wav   3,385kb  Волки и вороны (08:15)
track13.wav   1,775kb  Восход на острове яблок (04:19)
track10.wav   2,725kb  Время луны (03:52)
track01.wav   2,127kb  Время любви пришло (05:11)
track02.wav   3,602kb  Всадник между небом и землей (05:07)
track06.wav   1,097kb  Все, что я хотел сказать (02:40)
track06.wav   3,130kb  Все, что я хочу (04:27)
track06.wav   1,321kb  Встань у реки (03:13)
track09.wav   1,423kb  Встань у реки (03:28)
track11.wav     794kb  Второе стеклянное чудо (01:56)
track09.wav   1,598kb  Выстрелы с той стороны (02:16)
track11.wav   2,989kb  Гарсон №2 (04:15)
track03.wav   1,919kb  Генерал Скобелев (04:40)
track11.wav   2,475kb  Гимн московскому метрополитену (06:02)
track12.wav     753kb  Гиневер (01:50)
track10.wav   1,336kb  Глядя в телевизор (03:15)
track01.wav   1,754kb  Голубой Огонек (02:29)
track01.wav   2,002kb  Голубой дворник (04:52)
track09.wav   1,516kb  Голубой тюльпан (03:41)
track16.wav   1,065kb  Город (02:35)
track03.wav   1,284kb  Гость (01:49)
track03.wav   1,279kb  Государыня (03:07)
track03.wav     529kb  Граф Гарсиа (01:17)
track06.wav     819kb  Два тракториста (01:59)
track04.wav   3,049kb  Двигаться дальше (04:20)
track10.wav   1,092kb  Движение в сторону весны (02:39)
track03.wav   3,397kb  Дело мастера Бо (04:49)
track04.wav   2,204kb  День первый (03:08)
track18.wav   1,782kb  День радости (04:20)
track06.wav   3,384kb  Деревня (04:48)
track08.wav   2,122kb  Дерево (03:01)
track06.wav   1,354kb  Держаться корней (03:18)
track06.wav   1,429kb  Десять стрел (03:28)
track10.wav   1,586kb  Дети декабря (02:15)
track03.wav   2,219kb  Джунгли (05:24)
track01.wav   2,891kb  Диплом (04:06)
track03.wav   1,972kb  Для тех, кто влюблен (04:48)
track03.wav   1,015kb  Дорога двадцать один (02:28)
track15.wav     731kb  Дочь (01:46)
track04.wav   2,893kb  Древнерусская Тоска (04:06)
track01.wav   2,505kb  Древняя кровь (06:06)
track05.wav   2,898kb  Дубровский (04:07)
track09.wav   2,303kb  Дядюшка Томпсон (03:16)
track11.wav   1,524kb  Единственный дом (Джа даст нам (02:10)
track09.wav   1,224kb  Елизавета (02:59)
track14.wav   3,839kb  Еще один упавший вниз (05:27)
track01.wav   2,776kb  Жажда (03:56)
track01.wav   4,039kb  Железнодорожная вода (05:44)
track09.wav   1,608kb  Женщина (03:55)
track07.wav   3,885kb  Жизнь, смерть и другие удивите (09:28)
track06.wav   1,281kb  Заповедная песня (03:07)
track03.wav   1,516kb  Зачем? (02:09)
track13.wav   1,053kb  Звезда рок-н-ролла (02:34)
track08.wav   2,430kb  Звездочка (03:27)
track10.wav   2,541kb  Здравствуй моя смерть (03:36)
track01.wav     459kb  Зеркало Барсельда (01:07)
track04.wav     698kb  Змея (00:59)
track07.wav   2,016kb  Золото на голубом (02:52)
track15.wav   1,019kb  Золотых лошадей (02:29)
track01.wav   2,479kb  Иван - чай (03:31)
track02.wav   2,131kb  Иван Ботхидхарма (03:01)
track14.wav   2,009kb  Иван и Данила (04:53)
track05.wav   1,409kb  Иванов (03:26)
track07.wav   1,659kb  Игра наверняка (04:02)
track05.wav   2,517kb  Из сияющей пустоты (03:34)
track09.wav   5,050kb  Импровизация (12:18)
track06.wav   2,805kb  Инцидент В Настасьино (03:59)
track08.wav   3,631kb  Искуство быть смирным (05:09)
track07.wav   4,675kb  Истребитель (06:38)
track14.wav     389kb  К друзьям (00:56)
track10.wav   1,269kb  К мысу радости (03:05)
track03.wav   3,517kb  Кад Годдо (05:00)
track14.wav     978kb  Как движется лед (02:23)
track13.wav   1,372kb  Как движется лед (03:20)
track04.wav   2,899kb  Как нам вернуться домой (04:07)
track01.wav   1,643kb  Каменный уголь (04:00)
track02.wav   3,621kb  Капитан Африка (05:08)
track04.wav   2,681kb  Капитан Воронин (06:32)
track03.wav     744kb  Капитан Воронин встречает гига (01:48)
track12.wav     768kb  Китай (сл. Н.Гумилева) (01:52)
track12.wav     717kb  Китай China (01:44)
track03.wav   3,083kb  Кладбище (04:23)
track11.wav   2,671kb  Когда пройдет боль (03:47)
track02.wav   1,441kb  Когда пройдет боль (03:30)
track04.wav   1,026kb  Козлодоев (02:30)
track05.wav   1,412kb  Козлы (03:26)
track11.wav   5,784kb  Колыбельная (08:13)
track18.wav   2,566kb  Комната лишенная зеркал (06:15)
track08.wav   2,495kb  Кони беспредела (06:04)
track16.wav   1,596kb  Контрданс (03:53)
track05.wav   1,934kb  Корабль уродов "Черная роза-эм (04:42)
track01.wav     455kb  Корнелий Шнапс (01:06)
track05.wav   1,780kb  Королевское утро (02:31)
track06.wav   3,233kb  Кострома Mon Amour (04:35)
track06.wav   1,017kb  Критику (02:28)
track09.wav     667kb  Крюкообразность (01:37)
track03.wav   1,902kb  Кусок жизни (04:38)
track04.wav   1,602kb  Ласточка (03:54)
track05.wav   3,399kb  Лебединая сталь (04:50)
track17.wav   1,106kb  Лети мой ангел, лети (02:41)
track01.wav   3,851kb  Летчик (05:28)
track04.wav   1,577kb  Лой Быканах "Черная роза-эмбле (03:50)
track10.wav     932kb  Лошадь, как твое имя? (02:16)
track03.wav   2,319kb  Люди, пришедшие из можжевельни (03:17)
track14.wav     549kb  М (01:20)
track08.wav   8,253kb  Магистраль (20:07)
track05.wav   4,114kb  Мается (05:51)
track03.wav   3,057kb  Максим-лесник (04:20)
track11.wav   1,805kb  Мальчик Евграф (02:34)
track03.wav   1,489kb  Марина (03:37)
track03.wav     609kb  Марш (01:29)
track10.wav     678kb  Матрос (01:39)
track02.wav     901kb  Меня зовут смерть (02:11)
track08.wav     936kb  Миленький ты мой (02:16)
track11.wav   1,247kb  Минута на пути (03:02)
track12.wav   1,245kb  Митин вальс (03:02)
track11.wav   1,313kb  Миша из города скрипящих стату (03:12)
track08.wav   2,267kb  Мне хотелось бы видеть тебя (03:13)
track08.wav     553kb  Мое детство в кислой избе (01:20)
track05.wav     793kb  Моей звезде (01:55)
track07.wav     705kb  Моей звезде (01:43)
track07.wav   3,785kb  Мой друг музыкант (09:13)
track15.wav   1,559kb  Мой муравей (03:48)
track02.wav   2,532kb  Молодая шпана (03:36)
track07.wav   1,501kb  Молодые львы Young lions (03:39)
track03.wav   3,158kb  Московская Октябрьская (04:29)
track07.wav   1,544kb  Мочалкин блюз (03:45)
track09.wav   1,933kb  Моя альтернатива (02:44)
track01.wav   2,493kb  Музыка серебряных спиц (03:32)
track05.wav   7,324kb  Мы никогда не станем старше (17:51)
track03.wav   2,087kb  Наблюдатель (02:58)
track07.wav   2,380kb  Навигатор (03:23)
track07.wav     969kb  Назад к девственности (01:22)
track02.wav   1,108kb  Нам всем будет легче (02:42)
track06.wav     984kb  Наташа Ростова плюс (02:23)
track02.wav   2,553kb  Науки юношей (03:37)
track13.wav   1,935kb  Начальник фарфоровой башни (04:43)
track04.wav   2,415kb  Не Коси (03:26)
track10.wav   3,122kb  Не пей вина Гертруда (04:26)
track08.wav   2,783kb  Не стой на пути высоких чувств (03:57)
track05.wav   4,662kb  Небо становится ближе (06:37)
track02.wav   1,109kb  Никита Рязанский (02:42)
track06.wav   1,225kb  Никто из нас не... (02:59)
track06.wav   1,545kb  Нью-Йоркские страдания (03:46)
track07.wav   3,054kb  О лебеде "Дом под звездным неб (07:26)
track11.wav   1,150kb  Ода ванной комнате (02:48)
track04.wav   2,073kb  Она может двигать собой (02:56)
track08.wav   2,619kb  Она не знает что это сны (03:43)
track08.wav   4,987kb  Отец Яблок (07:05)
track06.wav   2,438kb  Охота на единорогов (03:28)
track09.wav   2,157kb  Очарованный тобой (03:04)
track13.wav   1,267kb  Пани Ирэна (03:05)
track04.wav   2,356kb  Партизаны полной луны (03:20)
track05.wav   1,286kb  Пепел (03:08)
track01.wav   1,033kb  Пес Дуглас (02:31)
track14.wav   1,299kb  Пески Петербурга (03:09)
track03.wav   2,367kb  Песня вычерпывающих людей (03:21)
track04.wav     985kb  Песня для нового быта (02:24)
track02.wav   1,503kb  Песня №2 (03:39)
track07.wav   1,573kb  Платан (03:50)
track08.wav   4,735kb  Плоскость "Асса" (06:44)
track08.wav   1,968kb  Подводная (02:47)
track13.wav     888kb  Подмосковные вечера (02:09)
track01.wav   1,505kb  Поезд в огне (03:40)
track02.wav   2,469kb  Пой пой лира (03:30)
track06.wav   1,621kb  Пока не начался джаз (02:18)
track18.wav   2,166kb  Поколение дворников и сторожей (05:16)
track10.wav   3,735kb  Поколение дворников и сторожей (05:18)
track03.wav   1,084kb  Полукровка (02:38)
track02.wav     746kb  Поручик Иванов (01:49)
track02.wav   1,899kb  Последний Поворот (02:42)
track10.wav     757kb  Почему не падает небо (01:50)
track05.wav     315kb  Поэзия (00:46)
track05.wav   1,107kb  Предчувствие гражданской войны (01:34)
track09.wav   2,063kb  Прекрасный дилетант (05:01)
track02.wav     929kb  Прощай, детка (02:15)
track11.wav   6,164kb  Пускай погибну безвозвратно (15:01)
track02.wav   1,313kb  Пустые места (03:12)
track08.wav   1,540kb  Пьет из реки (03:45)
track10.wav     359kb  Радамаэрл (00:52)
track07.wav     986kb  Радио Шао Линь (01:24)
track01.wav     434kb  Рататуй (01:03)
track12.wav   2,864kb  Река (04:04)
track06.wav   3,884kb  Рок-н-ролл мертв (05:31)
track01.wav   2,449kb  Русская нирвана (03:28)
track07.wav   2,301kb  Русская симфония (05:36)
track09.wav   2,157kb  Рутман (03:04)
track15.wav   1,177kb  Рыба (02:52)
track12.wav   1,354kb  С той стороны зеркального стек (03:18)
track13.wav   2,702kb  С утра шел снег (03:50)
track06.wav   2,028kb  Самый Быстрый Самолет (02:53)
track03.wav     585kb  Сарданапал  "Черная роза-эмбле (01:25)
track01.wav   2,198kb  Сегодня ночью кто-то... (05:21)
track04.wav   1,174kb  Седьмая глава (02:51)
track06.wav   3,162kb  Сельские лэди и джентльмены (04:29)
track02.wav   2,293kb  Сентябрь (05:35)
track16.wav   1,101kb  Сергей Ильич (Песня для Марка (02:41)
track02.wav   2,246kb  Сердце (05:28)
track14.wav   1,459kb  Серебро Господа моего (03:33)
track01.wav   1,842kb  Серебряная Роза (02:37)
track10.wav   2,169kb  Серые камни на зеленой траве (03:05)
track11.wav   1,784kb  Сестра (04:20)
track01.wav   1,233kb  Сидя на красивом холме (01:45)
track08.wav   1,796kb  Сирин (04:22)
track07.wav   1,635kb  Сирин, Алконост, Гамаюн (03:59)
track02.wav   3,334kb  Сны о чем-то большем (04:44)
track13.wav   1,601kb  Сонет (Служенье муз) (03:54)
track03.wav   1,026kb  Среди миров (01:27)
track12.wav   1,551kb  Сталь (03:46)
track10.wav     761kb  Сталь (01:51)
track09.wav   1,439kb  Станочек (03:30)
track08.wav   1,852kb  Стерегущий Баржу (02:38)
track08.wav   1,204kb  Сторож Сергеев (02:56)
track04.wav     498kb  Странные обьекты между светом (00:42)
track04.wav   1,562kb  Стрепетарх (03:48)
track04.wav   1,293kb  Стучаться в двери травы (03:09)
track09.wav   2,029kb  Сувлехим такац (02:53)
track09.wav   2,576kb  Сыновья молчаливых дней (06:16)
track09.wav   2,591kb  Таможенный Блюз (03:41)
track07.wav   1,433kb  Танцуем на склоне холма (03:29)
track05.wav   3,612kb  Танцы на грани весны (05:08)
track12.wav   1,491kb  Твоей звезде (02:07)
track09.wav   2,213kb  Тибетское танго (03:08)
track07.wav     876kb  Тихонько любить (02:08)
track03.wav   1,435kb  Трамвай (03:29)
track07.wav   2,054kb  Трачу свое время (02:55)
track10.wav   3,247kb  Три Сестры (04:37)
track04.wav   4,453kb  Трудовая пчела (06:19)
track10.wav     841kb  Тучи над городом встали (02:03)
track08.wav     399kb  Ты король подсознанья (00:58)
track07.wav   3,259kb  Ты нужна мне (04:38)
track08.wav     559kb  Ты успокой меня (01:21)
track14.wav     623kb  У императора Нерона (01:31)
track04.wav     368kb  У кошки четыре ноги (00:53)
track13.wav   3,396kb  Удивительный Мастер Лукьянов (04:49)
track01.wav   1,046kb  Укравший дождь (02:32)
track02.wav   1,604kb  Утро в сосновом бору (03:54)
track05.wav     915kb  Флейты дома Анакреонтова (02:13)
track02.wav   1,929kb  Хозяин (04:42)
track06.wav   2,463kb  Холодное пиво (06:00)
track08.wav     172kb  Хорал (00:25)
track06.wav   7,492kb  Царь сна (10:39)
track02.wav   2,320kb  Центр Циклона (03:17)
track07.wav   1,594kb  Чай (02:16)
track08.wav   2,300kb  Черный Брахман (03:16)
track07.wav   1,137kb  Черный ворон (02:46)
track05.wav   1,954kb  Чубчик (04:45)
track10.wav   1,327kb  Ша Ляпин'с блюз (03:14)
track08.wav   1,123kb  Шары из хрусталя (02:44)
track03.wav   1,551kb  Шинкар╕вский романс (03:46)
track05.wav   2,637kb  Электрический пес (03:45)
track07.wav   3,097kb  Электричество (04:24)
track10.wav   5,106kb  Юрьев день (07:15)
track01.wav   2,977kb  Я не хотел бы быть тобой в тот (04:14)
track07.wav   2,009kb  Я-змея (02:51)
track10.wav   1,504kb  Яблочные дни (03:40)
track12.wav   2,227kb  фикус Религиозный (03:10)

= [ total 323 mpegs, 640,225kb ] =============================================

= [ totals ] =================================================================
